Id          OrderId     ProdOrderNo                              PartNumber           ProcessSeg           ProductLineNo                            PlantCode            LineMode    ProcessNo                                DeviceNo                                 LastFlag    TotalNum    GoodNum     FirstGoodNum TotalNumFromLast GoodNumFromLast FirstGoodNumFromLast LastTime                LastPLCFlag CtrlFlag    LastRMCount LastGoodCount LastFailCount RMUseNum    PLCGoodNum  PLCFailNum  MinCT       MaxCT       CreateBy                                 CreateTime              UpdateBy                                 UpdateTime              IsDelete RMReduceFlag InvalidFlag
----------- ----------- ---------------------------------------- -------------------- -------------------- ---------------------------------------- -------------------- ----------- ---------------------------------------- ---------------------------------------- ----------- ----------- ----------- ------------ ---------------- --------------- -------------------- ----------------------- ----------- ----------- ----------- ------------- ------------- ----------- ----------- ----------- ----------- ----------- ---------------------------------------- ----------------------- ---------------------------------------- ----------------------- -------- ------------ -----------
1469        13475       35540660-230210-4                        35540660             FA                   H18                                      2601                 NULL        PACKING                                  NULL                                     1           0           0           0            0                0               0                    2023-02-10 20:08:31.553 1           1           NULL        NULL          NULL          NULL        NULL        NULL        NULL        NULL        JCH0891                                  2023-02-10 20:08:31.553 NULL                                     NULL                    0        1            0
5239        28738       35575210X-230331-2                       35575210X            FA                   F7                                       2601                 NULL        packing                                  NULL                                     0           0           0           0            0                0               0                    2023-03-31 08:47:09.893 NULL        1           NULL        NULL          NULL          NULL        NULL        NULL        NULL        NULL        admin                                    2023-03-31 08:47:09.893 NULL                                     2023-04-09 08:26:09.680 0        0            0
5240        28738       35575210X-230331-2                       35575210X            FA                   F7                                       2601                 NULL        packing                                  NULL                                     1           0           0           0            0                0               0                    2023-03-31 08:47:09.893 NULL        1           NULL        NULL          NULL          NULL        NULL        NULL        NULL        NULL        admin                                    2023-03-31 08:47:09.893 NULL                                     2023-04-09 08:26:09.680 0        1            0
5241        27864       35666814X-230406-1                       35666814X            FA                   F8                                       2601                 NULL        packing                                  NULL                                     0           0           0           0            0                0               0                    2023-03-31 08:47:12.867 NULL        1           NULL        NULL          NULL          NULL        NULL        NULL        NULL        NULL        TJ1000                                   2023-03-31 08:47:12.867 NULL                                     2023-04-09 11:19:39.827 0        0            0
5242        27864       35666814X-230406-1                       35666814X            FA                   F8                                       2601                 NULL        packing                                  NULL                                     0           0           0           0            0                0               0                    2023-03-31 08:47:12.867 NULL        1           NULL        NULL          NULL          NULL        NULL        NULL        NULL        NULL        TJ1000                                   2023-03-31 08:47:12.867 NULL                                     2023-04-09 11:19:39.827 0        0            0
5243        27864       35666814X-230406-1                       35666814X            FA                   F8                                       2601                 NULL        packing                                  NULL                                     1           80          80          80           0                0               0                    2023-04-09 12:00:00.240 NULL        1           NULL        NULL          NULL          NULL        NULL        NULL        NULL        NULL        TJ1000                                   2023-03-31 08:47:12.867 NULL                                     2023-04-09 11:19:56.807 0        1            0
5837        28679       33510779X-230331-1                       33510779X            FA                   CSA005                                   2601                 NULL        PACKING                                  NULL                                     1           0           0           0            0                0               0                    2023-04-07 07:30:21.443 1           1           NULL        NULL          NULL          NULL        NULL        NULL        NULL        NULL        TJ0206                                   2023-04-07 07:30:21.443 NULL                                     NULL                    0        1            0
6007        29581       33300030X-230407-1                       33300030X            FA                   F2                                       2601                 NULL        packing                                  NULL                                     1           0           0           0            0                0               0                    2023-04-08 08:34:35.637 NULL        1           NULL        NULL          NULL          NULL        NULL        NULL        NULL        NULL        TJ1000                                   2023-04-08 08:34:35.637 NULL                                     NULL                    0        1            0
6145        31520       35077987X-230409-1                       35077987X            FA                   H9                                       2601                 NULL        Packing                                  NULL                                     1           900         900         900          0                0               0                    2023-04-09 19:00:00.390 NULL        1           NULL        NULL          NULL          NULL        NULL        NULL        NULL        NULL        TJ0099                                   2023-04-09 08:57:59.660 NULL                                     2023-04-09 18:40:01.907 0        1            0
6163        31206       35092226X-230409-1                       35092226X            FA                   CSA002                                   2601                 NULL        PACKING                                  NULL                                     1           0           0           0            0                0               0                    2023-04-09 12:05:46.913 1           0           NULL        8138          81            NULL        4094        42          356         9615        tj2392                                   2023-04-09 12:05:46.913 NULL                                     2023-04-10 06:45:31.980 0        1            1
6258        29753       35736874X-230409-1                       35736874X            FA                   ABX5-SA                                  2601                 NULL        PACKING                                  NULL                                     1           1907        1902        1902         0                0               0                    2023-04-10 07:00:00.073 1           1           0           0             0             1897        1902        5           29          46          TJ0134                                   2023-04-10 04:24:24.850 NULL                                     2023-04-10 06:37:01.280 0        1            0
6259        29765       35288544X-230409-1                       35288544X            FA                   CMAP124                                  2601                 NULL        Packing                                  NULL                                     1           5475        5458        5458         230              229             229                  2023-04-10 13:00:00.340 1           1           4976        4901          17            5854        5687        18          253         900         B0313                                    2023-04-10 05:46:12.933 NULL                                     2023-04-10 13:12:44.440 0        1            0
6262        31042       35673004X-230408-2                       35673004X            FA                   CSA001                                   2601                 NULL        Packing                                  NULL                                     1           2744        2591        2591         155              142             142                  2023-04-10 13:00:00.340 1           1           NULL        2733          145           NULL        2733        166         303         1822        ZHH1360                                  2023-04-10 06:33:25.017 NULL                                     2023-04-10 13:12:41.310 0        1            0
6263        29807       35092226X-230409-1                       35092226X            FA                   CSA002                                   2601                 NULL        PACKING                                  NULL                                     1           0           0           0            0                0               0                    2023-04-10 06:45:31.970 1           0           NULL        3952          20            NULL        3952        60          344         3972        TJ0241                                   2023-04-10 06:45:31.970 NULL                                     2023-04-10 13:12:46.253 0        1            0
6264        31614       35397586X-230410-1                       35397586X            FA                   H17                                      2601                 NULL        PACKING                                  NULL                                     1           600         600         600          0                0               0                    2023-04-10 13:00:00.340 1           1           NULL        NULL          NULL          NULL        NULL        NULL        NULL        NULL        H5814                                    2023-04-10 06:46:20.900 NULL                                     2023-04-10 12:24:35.430 0        1            0
6265        31618       35574598X-230410-1                       35574598X            FA                   H11                                      2601                 NULL        PACKING                                  NULL                                     1           750         750         750          150              150             150                  2023-04-10 13:00:00.340 1           1           NULL        NULL          NULL          NULL        NULL        NULL        NULL        NULL        TJ0305                                   2023-04-10 07:13:47.993 NULL                                     2023-04-10 13:06:23.793 0        1            0
6268        31624       35327599X-230410-1                       35327599X            FA                   H2                                       2601                 NULL        PACKING                                  NULL                                     1           1200        1200        1200         0                0               0                    2023-04-10 13:00:00.340 1           1           NULL        NULL          NULL          NULL        NULL        NULL        NULL        NULL        TJ1586                                   2023-04-10 07:21:57.560 NULL                                     2023-04-10 12:29:18.223 0        1            0
6270        31626       35677459X-230410-1                       35677459X            FA                   H14                                      2601                 NULL        PACKING                                  NULL                                     1           200         200         200          0                0               0                    2023-04-10 12:00:00.233 1           1           NULL        NULL          NULL          NULL        NULL        NULL        NULL        NULL        XTH0692                                  2023-04-10 07:25:22.727 NULL                                     2023-04-10 11:55:55.903 0        1            0
6271        31628       35677468X-230410-1                       35677468X            FA                   H15                                      2601                 NULL        PACKING                                  NULL                                     1           200         200         200          0                0               0                    2023-04-10 13:00:00.340 1           1           NULL        NULL          NULL          NULL        NULL        NULL        NULL        NULL        TJ2430                                   2023-04-10 07:26:35.253 NULL                                     2023-04-10 12:58:33.583 0        1            0
6272        31630       33301755X-230410-1                       33301755X            FA                   H7                                       2601                 NULL        Packing                                  NULL                                     1           900         900         900          0                0               0                    2023-04-10 13:00:00.340 NULL        1           NULL        NULL          NULL          NULL        NULL        NULL        NULL        NULL        TJ1080                                   2023-04-10 07:30:33.447 NULL                                     2023-04-10 12:44:52.530 0        1            0
6274        31634       33401017-230410-1                        33401017             FA                   H3                                       2601                 NULL        Packing                                  NULL                                     1           800         800         800          0                0               0                    2023-04-10 13:00:00.340 NULL        1           NULL        NULL          NULL          NULL        NULL        NULL        NULL        NULL        TJ0104                                   2023-04-10 07:39:07.703 NULL                                     2023-04-10 12:19:46.237 0        1            0
6275        31636       35413705X-230410-2                       35413705X            FA                   H10                                      2601                 NULL        Packing                                  NULL                                     1           750         750         750          0                0               0                    2023-04-10 13:00:00.340 NULL        1           NULL        NULL          NULL          NULL        NULL        NULL        NULL        NULL        TJ1217                                   2023-04-10 07:41:40.190 NULL                                     2023-04-10 12:44:12.343 0        1            0
6276        31640       33301755X-230410-2                       33301755X            FA                   H8                                       2601                 NULL        Packing                                  NULL                                     1           900         900         900          0                0               0                    2023-04-10 13:00:00.340 NULL        1           NULL        NULL          NULL          NULL        NULL        NULL        NULL        NULL        TJ0112                                   2023-04-10 07:42:45.777 NULL                                     2023-04-10 12:36:04.367 0        1            0
6281        27503       35585625X-230402-1                       35585625X            FA                   F9                                       2601                 NULL        packing                                  NULL                                     1           1500        1500        1500         0                0               0                    2023-04-10 13:00:00.340 NULL        1           NULL        NULL          NULL          NULL        NULL        NULL        NULL        NULL        TJ2379                                   2023-04-10 08:07:10.257 NULL                                     2023-04-10 12:55:45.157 0        1            0
6284        31662       35553047-230410-2                        35553047             FA                   F4                                       2601                 NULL        packing                                  NULL                                     1           1650        1650        1650         0                0               0                    2023-04-10 10:00:00.500 NULL        1           NULL        NULL          NULL          NULL        NULL        NULL        NULL        NULL        H5141                                    2023-04-10 08:58:05.600 NULL                                     2023-04-10 09:04:15.143 0        1            0
6285        31664       35567203X-230410-1                       35567203X            FA                   F6                                       2601                 NULL        packing                                  NULL                                     1           1680        1680        1680         0                0               0                    2023-04-10 13:00:00.340 NULL        1           NULL        NULL          NULL          NULL        NULL        NULL        NULL        NULL        H7234                                    2023-04-10 09:10:13.253 NULL                                     2023-04-10 12:43:58.653 0        1            0
6287        31666       35662729X-230410-1                       35662729X            FA                   H12                                      2601                 NULL        PACKING                                  NULL                                     1           450         450         450          0                0               0                    2023-04-10 13:00:00.340 1           1           NULL        NULL          NULL          NULL        NULL        NULL        NULL        NULL        tj1086                                   2023-04-10 09:24:42.320 NULL                                     2023-04-10 12:49:41.707 0        1            0
6290        31672       35498869X-230410-2                       35498869X            FA                   CMAP127                                  2601                 NULL        PACKING                                  NULL                                     1           3556        3538        3538         254              254             254                  2023-04-10 13:00:00.340 1           1           5235        5142          21            3826        3792        18          262         900         TJ0180                                   2023-04-10 09:48:27.187 NULL                                     2023-04-10 13:12:45.057 0        1            0
6291        31674       35464689-230410-1                        35464689             FA                   F1                                       2601                 NULL        packing                                  NULL                                     1           300         300         300          0                0               0                    2023-04-10 13:00:00.340 NULL        1           NULL        NULL          NULL          NULL        NULL        NULL        NULL        NULL        BH1367                                   2023-04-10 09:53:18.853 NULL                                     2023-04-10 12:41:08.590 0        1            0
6292        31668       35462902X-230410-2                       35462902X            FA                   CMAP121                                  2601                 NULL        Packing                                  NULL                                     1           3119        3091        3091         271              271             271                  2023-04-10 13:00:00.340 1           1           4684        4592          34            3440        3362        28          26          396         TJ2365                                   2023-04-10 09:54:14.407 NULL                                     2023-04-10 13:12:44.187 0        1            0
6293        31676       35587257X-230410-1                       35587257X            FA                   H16                                      2601                 NULL        Packing                                  NULL                                     1           0           0           0            0                0               0                    2023-04-10 10:19:33.883 NULL        1           NULL        NULL          NULL          NULL        NULL        NULL        NULL        NULL        TJ0212                                   2023-04-10 10:19:33.883 NULL                                     NULL                    0        1            0
6294        31678       35573406X-230410-1                       35573406X            FA                   H6                                       2601                 NULL        PACKING                                  NULL                                     1           0           0           0            0                0               0                    2023-04-10 10:35:29.837 1           1           NULL        NULL          NULL          NULL        NULL        NULL        NULL        NULL        BH0187                                   2023-04-10 10:35:29.837 NULL                                     NULL                    0        1            0
6295        29801       35649832X-230409-1                       35649832X            FA                   CMAP147                                  2601                 NULL        PACKING                                  NULL                                     1           2523        2496        2496         262              262             262                  2023-04-10 13:00:00.340 1           1           NULL        4038          40            NULL        2758        27          220         1851        tj0183                                   2023-04-10 10:44:46.013 NULL                                     2023-04-10 13:12:45.813 0        1            0
6296        31652       35685617X-230410-1                       35685617X            FA                   CMAP144                                  2601                 NULL        Packing                                  NULL                                     1           1882        1842        1842         236              235             235                  2023-04-10 13:00:00.340 1           1           2859        2702          53            2236        2077        41          257         900         TJ0118                                   2023-04-10 10:45:29.093 NULL                                     2023-04-10 13:12:45.283 0        1            0
6297        30401       35499384X-230410-2                       35499384X            FA                   CMAP126                                  2601                 NULL        PACKING                                  NULL                                     1           2120        2115        2115         247              247             247                  2023-04-10 13:00:00.340 1           1           2428        2362          5             2432        2362        5           280         900         TJ2580                                   2023-04-10 10:46:28.717 NULL                                     2023-04-10 13:12:44.790 0        1            0

(35 行受影响)


完成时间: 2023-04-10T13:12:49.3710938+08:00
